WARNING : Project's CLI version could not be detected from `requirements.txt`.
WARNING : Try `pretext init --refresh` to produce a compatible file.
INFO    : Found entry no longer exists 10961
INFO    : Now preparing local server to preview your project directory `/workspaces/MathForElementarySchoolTeachers`.
INFO    :   (Reminder: use `pretext deploy` to deploy your built project to a public
INFO    :   GitHub Pages site that can be shared with readers who cannot access your
INFO    :   personal computer.)
INFO    : 
INFO    : starting server ...
INFO    : Running in a codespace, so using a subprocess server.
INFO    : Starting the server
INFO    : There are 10 or more servers on file. Cleaning up ...
INFO    : Found entry no longer exists 10961
INFO    : Terminating 10961
INFO    : Terminate failed for 10961.
ERROR   : process PID not found (pid=10961)
Traceback (most recent call last):
  File "/usr/local/python/3.12.1/lib/python3.12/site-packages/pretext/server.py", line 76, in terminate
    psutil.Process(self.pid).terminate()
    ^^^^^^^^^^^^^^^^^^^^^^^^
  File "/home/codespace/.local/lib/python3.12/site-packages/psutil/__init__.py", line 317, in __init__
    self._init(pid)
  File "/home/codespace/.local/lib/python3.12/site-packages/psutil/__init__.py", line 363, in _init
    raise NoSuchProcess(pid, msg=msg) from None
psutil.NoSuchProcess: process PID not found (pid=10961)
INFO    : Found entry no longer exists 2974
INFO    : Terminating 2974
INFO    : Terminate failed for 2974.
ERROR   : process PID not found (pid=2974)
Traceback (most recent call last):
  File "/usr/local/python/3.12.1/lib/python3.12/site-packages/pretext/server.py", line 76, in terminate
    psutil.Process(self.pid).terminate()
    ^^^^^^^^^^^^^^^^^^^^^^^^
  File "/home/codespace/.local/lib/python3.12/site-packages/psutil/__init__.py", line 317, in __init__
    self._init(pid)
  File "/home/codespace/.local/lib/python3.12/site-packages/psutil/__init__.py", line 363, in _init
    raise NoSuchProcess(pid, msg=msg) from None
psutil.NoSuchProcess: process PID not found (pid=2974)
INFO    : Found entry no longer exists 10403
INFO    : Terminating 10403
INFO    : Terminate failed for 10403.
ERROR   : process PID not found (pid=10403)
Traceback (most recent call last):
  File "/usr/local/python/3.12.1/lib/python3.12/site-packages/pretext/server.py", line 76, in terminate
    psutil.Process(self.pid).terminate()
    ^^^^^^^^^^^^^^^^^^^^^^^^
  File "/home/codespace/.local/lib/python3.12/site-packages/psutil/__init__.py", line 317, in __init__
    self._init(pid)
  File "/home/codespace/.local/lib/python3.12/site-packages/psutil/__init__.py", line 363, in _init
    raise NoSuchProcess(pid, msg=msg) from None
psutil.NoSuchProcess: process PID not found (pid=10403)
INFO    : Found entry no longer exists 25191
INFO    : Terminating 25191
INFO    : Terminate failed for 25191.
ERROR   : process PID not found (pid=25191)
Traceback (most recent call last):
  File "/usr/local/python/3.12.1/lib/python3.12/site-packages/pretext/server.py", line 76, in terminate
    psutil.Process(self.pid).terminate()
    ^^^^^^^^^^^^^^^^^^^^^^^^
  File "/home/codespace/.local/lib/python3.12/site-packages/psutil/__init__.py", line 317, in __init__
    self._init(pid)
  File "/home/codespace/.local/lib/python3.12/site-packages/psutil/__init__.py", line 363, in _init
    raise NoSuchProcess(pid, msg=msg) from None
psutil.NoSuchProcess: process PID not found (pid=25191)
INFO    : Found entry no longer exists 34178
INFO    : Terminating 34178
INFO    : Terminate failed for 34178.
ERROR   : process PID not found (pid=34178)
Traceback (most recent call last):
  File "/usr/local/python/3.12.1/lib/python3.12/site-packages/pretext/server.py", line 76, in terminate
    psutil.Process(self.pid).terminate()
    ^^^^^^^^^^^^^^^^^^^^^^^^
  File "/home/codespace/.local/lib/python3.12/site-packages/psutil/__init__.py", line 317, in __init__
    self._init(pid)
  File "/home/codespace/.local/lib/python3.12/site-packages/psutil/__init__.py", line 363, in _init
    raise NoSuchProcess(pid, msg=msg) from None
psutil.NoSuchProcess: process PID not found (pid=34178)
INFO    : Found entry no longer exists 36357
INFO    : Terminating 36357
INFO    : Terminate failed for 36357.
ERROR   : process PID not found (pid=36357)
Traceback (most recent call last):
  File "/usr/local/python/3.12.1/lib/python3.12/site-packages/pretext/server.py", line 76, in terminate
    psutil.Process(self.pid).terminate()
    ^^^^^^^^^^^^^^^^^^^^^^^^
  File "/home/codespace/.local/lib/python3.12/site-packages/psutil/__init__.py", line 317, in __init__
    self._init(pid)
  File "/home/codespace/.local/lib/python3.12/site-packages/psutil/__init__.py", line 363, in _init
    raise NoSuchProcess(pid, msg=msg) from None
psutil.NoSuchProcess: process PID not found (pid=36357)
INFO    : Found entry no longer exists 50771
INFO    : Terminating 50771
INFO    : Terminate failed for 50771.
ERROR   : process PID not found (pid=50771)
Traceback (most recent call last):
  File "/usr/local/python/3.12.1/lib/python3.12/site-packages/pretext/server.py", line 76, in terminate
    psutil.Process(self.pid).terminate()
    ^^^^^^^^^^^^^^^^^^^^^^^^
  File "/home/codespace/.local/lib/python3.12/site-packages/psutil/__init__.py", line 317, in __init__
    self._init(pid)
  File "/home/codespace/.local/lib/python3.12/site-packages/psutil/__init__.py", line 363, in _init
    raise NoSuchProcess(pid, msg=msg) from None
psutil.NoSuchProcess: process PID not found (pid=50771)
INFO    : Found entry no longer exists 56597
INFO    : Terminating 56597
INFO    : Terminate failed for 56597.
ERROR   : process PID not found (pid=56597)
Traceback (most recent call last):
  File "/usr/local/python/3.12.1/lib/python3.12/site-packages/pretext/server.py", line 76, in terminate
    psutil.Process(self.pid).terminate()
    ^^^^^^^^^^^^^^^^^^^^^^^^
  File "/home/codespace/.local/lib/python3.12/site-packages/psutil/__init__.py", line 317, in __init__
    self._init(pid)
  File "/home/codespace/.local/lib/python3.12/site-packages/psutil/__init__.py", line 363, in _init
    raise NoSuchProcess(pid, msg=msg) from None
psutil.NoSuchProcess: process PID not found (pid=56597)
INFO    : Found entry no longer exists 15302
INFO    : Terminating 15302
INFO    : Terminate failed for 15302.
ERROR   : process PID not found (pid=15302)
Traceback (most recent call last):
  File "/usr/local/python/3.12.1/lib/python3.12/site-packages/pretext/server.py", line 76, in terminate
    psutil.Process(self.pid).terminate()
    ^^^^^^^^^^^^^^^^^^^^^^^^
  File "/home/codespace/.local/lib/python3.12/site-packages/psutil/__init__.py", line 317, in __init__
    self._init(pid)
  File "/home/codespace/.local/lib/python3.12/site-packages/psutil/__init__.py", line 363, in _init
    raise NoSuchProcess(pid, msg=msg) from None
psutil.NoSuchProcess: process PID not found (pid=15302)
INFO    : Found process 4755 no longer listening on specified port 8128
INFO    : Terminating 4755
INFO    : Added server entry f4b0ef1c60 4755 8128 localhost

INFO    : Server will soon be available at https://fuzzy-trout-pjp7wjrp96w3969j-8128.app.github.dev
INFO    : Opening browser for target `html` at https://fuzzy-trout-pjp7wjrp96w3969j-8128.app.github.dev/output/html
INFO    : 
----------------------------------------------------
INFO    : While running pretext, the following errors occurred:

INFO    : (see log messages above or in the 'logs' folder for more information)
INFO    : ----------------------------------------------------
